
Welcome to Gradle 8.5!

Here are the highlights of this release:
 - Support for running on Java 21
 - Faster first use with Kotlin DSL
 - Improved error and warning messages

For more details see https://docs.gradle.org/8.5/release-notes.html

To honour the JVM settings for this build a single-use Daemon process will be forked. For more on this, please refer to https://docs.gradle.org/8.5/userguide/gradle_daemon.html#sec:disabling_the_daemon in the Gradle documentation.
Terminate batch job (Y/N)? Terminate batch job (Y/N)? Terminate batch job (Y/N)? Terminate batch job (Y/N)? Terminate batch job (Y/N)? Terminate batch job (Y/N)? Terminate batch job (Y/N)? Terminate batch job (Y/N)? 